// Jest Snapshot v1, https://goo.gl/fbAQLP

exports[`Deve renderizar o botão corretamente 1`] = `
<button
  aria-label="Botão de Login"
  class="loginButton"
>
  LOGIN
</button>
`;
